Line |APA |Content
    7|    |D getC |
    8|0100|  LB0 |
    9|0101|  JSN getC.r |
   10|0103|  JPS getC |
   11|    |D getC.r |
   12|0105|  SIB |
   13|0106|  RTL |
   17|    |D getString |
   19|0107|  LB0 |
   20|0108|  JSN getString.go |
   21|010A|  JPS getString |
   22|    |D getString.go |
   23|010C|  W0E 0x00 |
   25|010E|  LAE 0x0A |
   26|0110|  MAB |
   27|0111|  JSN getString.c2 |
   28|0113|  SIA |
   29|0114|  RTL |
   31|    |D getString.c2 |
   32|0115|  LAE 0x08 |
   33|0117|  MAB |
   34|0118|  JSN getString.oc |
   35|011A|  SIA |
   36|011B|  DED |
   37|011C|  W1B |
   38|011D|  JPS getString |
   40|    |D getString.oc |
   41|011F|  SIB |
   42|0120|  IND |
   43|0121|  W1B |
   44|0122|  JPS getString |
   49|    |D printROM |
   50|0124|  XDS |
   51|0125|  TDS |
   52|    |D printROM.p |
   53|0126|  LBF |
   54|0127|  JSN printROM.n |
   55|0129|  TDS |
   56|012A|  XDS |
   57|012B|  RTL |
   58|    |D printROM.n |
   59|012C|  W1B |
   60|012D|  INS |
   61|012E|  JPS printROM.p |
   64|    |D printRAM |
   65|0130|  LBM |
   66|0131|  JSN printRAM.n |
   67|0133|  RTL |
   68|    |D printRAM.n |
   69|0134|  W1B |
   70|0135|  IND |
   71|0136|  JPS printRAM |
